###############################################################################
#
# IAR ELF Linker V9.10.1.308/W64 for ARM                  17/Mar/2021  20:09:11
# Copyright 2007-2021 IAR Systems AB.
#
#    Output file  =
#        C:\Users\Alexandre\Documents\GitHub\EK-TM4C1294_IAR8\Projects\lab3_ex3\Debug\Exe\lab3_ex3.out
#    Map file     =
#        C:\Users\Alexandre\Documents\GitHub\EK-TM4C1294_IAR8\Projects\lab3_ex3\Debug\List\lab3_ex3.map
#    Command line =
#        -f
#        C:\Users\Alexandre\Documents\GitHub\EK-TM4C1294_IAR8\Projects\lab3_ex3\Debug\Exe\lab3_ex3.out.rsp
#        (C:\Users\Alexandre\Documents\GitHub\EK-TM4C1294_IAR8\Projects\lab3_ex3\Debug\Obj\driverleds.o
#        C:\Users\Alexandre\Documents\GitHub\EK-TM4C1294_IAR8\TivaWare_C_Series-2.1.4.178\driverlib\ewarm\Exe\driverlib.a
#        C:\Users\Alexandre\Documents\GitHub\EK-TM4C1294_IAR8\Projects\lab3_ex3\Debug\Obj\lab3_ex3.o
#        C:\Users\Alexandre\Documents\GitHub\EK-TM4C1294_IAR8\Projects\lab3_ex3\Debug\Obj\startup_TM4C1294.o
#        C:\Users\Alexandre\Documents\GitHub\EK-TM4C1294_IAR8\Projects\lab3_ex3\Debug\Obj\system_TM4C1294_TW.o
#        --no_out_extension -o
#        C:\Users\Alexandre\Documents\GitHub\EK-TM4C1294_IAR8\Projects\lab3_ex3\Debug\Exe\lab3_ex3.out
#        --redirect _Printf=_PrintfFullNoMb --redirect _Scanf=_ScanfFullNoMb
#        --map
#        C:\Users\Alexandre\Documents\GitHub\EK-TM4C1294_IAR8\Projects\lab3_ex3\Debug\List\lab3_ex3.map
#        --config "C:\Program Files\IAR Systems\Embedded Workbench
#        9.0\arm\config\linker\TexasInstruments\TM4C1294NC.icf" --semihosting
#        --entry __iar_program_start --vfe --text_out locale)
#
###############################################################################

*******************************************************************************
*** MESSAGES
***

Warning[Lt009]: Inconsistent wchar_t size
            gpio.o(driverlib.a) and 4 other objects in driverlib.a have wchar_t
                      size 16 bits
            driverleds.o and 15 other objects, some of them in dl7M_tln.a and
                      11 other libraries have wchar_t size 32 bits


*******************************************************************************
*** RUNTIME MODEL ATTRIBUTES
***

CppFlavor       = *
__SystemLibrary = DLib
__dlib_version  = 6


*******************************************************************************
*** HEAP SELECTION
***

The basic heap was selected because some modules are built with
size limitations (and not runtime checking), and --advanced_heap
was not specified.


*******************************************************************************
*** PLACEMENT SUMMARY
***

"A0":  place at address 0x0 { ro section .intvec };
"P1":  place in [from 0x0 to 0xf'ffff] { ro };
define block CSTACK with size = 32K, alignment = 8 { };
define block HEAP with size = 64K, alignment = 8 { };
"P2":  place in [from 0x2000'0000 to 0x2003'ffff] {
          rw, block CSTACK, block HEAP };

  Section          Kind         Address    Size  Object
  -------          ----         -------    ----  ------
"A0":                                     0x3c0
  .intvec          ro code          0x0   0x3c0  startup_TM4C1294.o [1]
                                - 0x3c0   0x3c0

"P1":                                     0x98c
  .text            ro code        0x3c0   0x4e0  sysctl.o [3]
  .text            ro code        0x8a0   0x148  driverleds.o [1]
  .text            ro code        0x9e8   0x148  gpio.o [3]
  .text            ro code        0xb30    0xec  lab3_ex3.o [1]
  .text            ro code        0xc1c    0x28  systick.o [3]
  .text            ro code        0xc44    0x38  zero_init3.o [4]
  .text            ro code        0xc7c    0x28  data_init.o [4]
  .iar.init_table  const          0xca4    0x10  - Linker created -
  .text            ro code        0xcb4    0x20  system_TM4C1294_TW.o [1]
  .text            ro code        0xcd4    0x1e  cmain.o [4]
  .text            ro code        0xcf2     0x4  low_level_init.o [2]
  .text            ro code        0xcf6     0x4  exit.o [2]
  .text            ro code        0xcfa     0x2  startup_TM4C1294.o [1]
  .text            ro code        0xcfc     0xa  cexit.o [4]
  .text            ro code        0xd08    0x14  exit.o [5]
  .text            ro code        0xd1c    0x1c  cstartup_M.o [4]
  .text            ro code        0xd38    0x14  startup_TM4C1294.o [1]
  .rodata          const          0xd4c     0x0  zero_init3.o [4]
                                - 0xd4c   0x98c

"P2", part 1 of 2:                          0x4
  .bss             zero     0x2000'0000     0x1  lab3_ex3.o [1]
  .bss             zero     0x2000'0001     0x1  lab3_ex3.o [1]
                          - 0x2000'0002     0x2

"P2", part 2 of 2:                       0x8004
  .noinit          uninit   0x2000'0004     0x4  system_TM4C1294_TW.o [1]
  CSTACK                    0x2000'0008  0x8000  <Block>
    CSTACK         uninit   0x2000'0008  0x8000  <Block tail>
                          - 0x2000'8008  0x8004

Unused ranges:

         From           To      Size
         ----           --      ----
        0xd4c     0xf'ffff  0xf'f2b4
  0x2000'8008  0x2003'ffff  0x3'7ff8


*******************************************************************************
*** INIT TABLE
***

          Address      Size
          -------      ----
Zero (__iar_zero_init3)
    1 destination range, total size 0x2:
          0x2000'0000   0x2



*******************************************************************************
*** MODULE SUMMARY
***

    Module                ro code  ro data  rw data
    ------                -------  -------  -------
command line/config:
    -----------------------------------------------
    Total:

C:\Users\Alexandre\Documents\GitHub\EK-TM4C1294_IAR8\Projects\lab3_ex3\Debug\Obj: [1]
    driverleds.o              328
    lab3_ex3.o                236                 2
    startup_TM4C1294.o        982
    system_TM4C1294_TW.o       32                 4
    -----------------------------------------------
    Total:                  1'578                 6

dl7M_tln.a: [2]
    exit.o                      4
    low_level_init.o            4
    -----------------------------------------------
    Total:                      8

driverlib.a: [3]
    gpio.o                    328
    sysctl.o                1'248
    systick.o                  40
    -----------------------------------------------
    Total:                  1'616

rt7M_tl.a: [4]
    cexit.o                    10
    cmain.o                    30
    cstartup_M.o               28
    data_init.o                40
    zero_init3.o               56
    -----------------------------------------------
    Total:                    164

shb_l.a: [5]
    exit.o                     20
    -----------------------------------------------
    Total:                     20

    Gaps                        2
    Linker created                      16   32'768
---------------------------------------------------
    Grand Total:            3'388       16   32'774


*******************************************************************************
*** ENTRY LIST
***

Entry                       Address   Size  Type      Object
-----                       -------   ----  ----      ------
.iar.init_table$$Base         0xca4          --   Gb  - Linker created -
.iar.init_table$$Limit        0xcb4          --   Gb  - Linker created -
?main                         0xcd5         Code  Gb  cmain.o [4]
CSTACK$$Base            0x2000'0008          --   Gb  - Linker created -
CSTACK$$Limit           0x2000'8008          --   Gb  - Linker created -
Evento                  0x2000'0000    0x1  Data  Gb  lab3_ex3.o [1]
GPIODirModeSet                0x9e9   0x28  Code  Gb  gpio.o [3]
GPIOPadConfigSet              0xa11   0xfe  Code  Gb  gpio.o [3]
GPIOPinTypeGPIOOutput         0xb15    0xa  Code  Gb  gpio.o [3]
GPIOPinWrite                  0xb0f    0x6  Code  Gb  gpio.o [3]
LEDInit                       0x8a1   0xba  Code  Gb  driverleds.o [1]
LEDOff                        0x999   0x3e  Code  Gb  driverleds.o [1]
LEDOn                         0x95b   0x3e  Code  Gb  driverleds.o [1]
Region$$Table$$Base           0xca4          --   Gb  - Linker created -
Region$$Table$$Limit          0xcb4          --   Gb  - Linker created -
SysCtlClockFreqSet            0x41d  0x204  Code  Gb  sysctl.o [3]
SysCtlPeripheralEnable        0x401    0x8  Code  Gb  sysctl.o [3]
SysCtlPeripheralReady         0x3e1    0x8  Code  Gb  sysctl.o [3]
SysTickEnable                 0xc1d    0xc  Code  Gb  systick.o [3]
SysTickIntEnable              0xc29    0xc  Code  Gb  systick.o [3]
SysTickPeriodSet              0xc35    0x8  Code  Gb  systick.o [3]
SysTick_Handler               0xb31    0x8  Code  Gb  lab3_ex3.o [1]
SystemCoreClock         0x2000'0004    0x4  Data  Gb  system_TM4C1294_TW.o [1]
SystemInit                    0xcb5   0x10  Code  Gb  system_TM4C1294_TW.o [1]
_SysCtlMemTimingGet           0x3c1   0x20  Code  Lc  sysctl.o [3]
__Vectors                       0x0          --   Gb  startup_TM4C1294.o [1]
__Vectors_End                 0x3c0         Data  Gb  startup_TM4C1294.o [1]
__Vectors_Size {Abs}          0x3c0          --   Gb  startup_TM4C1294.o [1]
__cmain                       0xcd5         Code  Gb  cmain.o [4]
__exit                        0xd09   0x14  Code  Gb  exit.o [5]
__iar_data_init3              0xc7d   0x28  Code  Gb  data_init.o [4]
__iar_init_vfp                0xd41         Code  Wk  startup_TM4C1294.o [1]
__iar_program_start           0xd1d         Code  Gb  cstartup_M.o [4]
__iar_zero_init3              0xc45   0x38  Code  Gb  zero_init3.o [4]
__low_level_init              0xcf3    0x4  Code  Gb  low_level_init.o [2]
__vector_table                  0x0         Data  Gb  startup_TM4C1294.o [1]
__vector_table_0x1c            0x1c         Data  Gb  startup_TM4C1294.o [1]
_call_main                    0xce1         Code  Gb  cmain.o [4]
_exit                         0xcfd         Code  Gb  cexit.o [4]
exit                          0xcf7    0x4  Code  Gb  exit.o [2]
g_pppui32XTALtoVCO            0x6b8  0x1b0  Data  Lc  sysctl.o [3]
g_pui32VCOFrequencies         0x898    0x8  Data  Lc  sysctl.o [3]
g_pui32Xtals                  0x64c   0x6c  Data  Lc  sysctl.o [3]
g_sXTALtoMEMTIM               0x868   0x30  Data  Lc  sysctl.o [3]
main                          0xb39   0xd8  Code  Gb  lab3_ex3.o [1]
main::Estado            0x2000'0001    0x1  Data  Lc  lab3_ex3.o [1]


[1] = C:\Users\Alexandre\Documents\GitHub\EK-TM4C1294_IAR8\Projects\lab3_ex3\Debug\Obj
[2] = dl7M_tln.a
[3] = driverlib.a
[4] = rt7M_tl.a
[5] = shb_l.a

   3'388 bytes of readonly  code memory
      16 bytes of readonly  data memory
  32'774 bytes of readwrite data memory

Errors: none
Warnings: 1
